C51 COMPILER V9.52.0.0   INTERRUPT                                                         09/15/2015 14:57:01 PAGE 1   


C51 COMPILER V9.52.0.0, COMPILATION OF MODULE INTERRUPT
OBJECT MODULE PLACED IN interrupt.OBJ
COMPILER INVOKED BY: C:\Keil\C51\BIN\C51.EXE interrupt.c LARGE BROWSE DEBUG OBJECTEXTEND

line level    source

   1          #include <myhead.h>
   2          int numcc = 0;
   3          int cnt = 0;
   4          void Uart() interrupt 4 using 1
   5          {
   6   1          unsigned char recv_data;
   7   1              if(RI == 1)
   8   1              {
   9   2                  recv_data = SBUF;
  10   2                      RI = 0;
  11   2              
  12   2                      if(recv_data != '*')
  13   2                      {
  14   3                              strbuf[posi++] = recv_data;     
  15   3                      }
  16   2                      else
  17   2                      {
  18   3                              temp_lock = 0;
  19   3                              strbuf[posi] = '\0';
  20   3                          recv_lock = 1;
  21   3                              posi = 0;
  22   3                              //while(temp_lock == 0);
  23   3                              //handle_message();
  24   3                      }
  25   2              }
  26   1      
  27   1      }
  28          
  29          void UART_2Interrupt(void) interrupt 8
  30          {
  31   1              if(S2CON&S2RI)
  32   1              {
  33   2                      S2CON&=~S2RI;
  34   2                      temp2=S2BUF;
  35   2                      if(temp2 == 0x02)
  36   2                      {
  37   3                              card_id_posi = 0;                       
  38   3              }
  39   2                      if(temp2 != 0x02 && temp2 != 0x03)
  40   2                      {
  41   3                              cardid[card_id_posi++] = temp2;
  42   3                      }
  43   2                      if(temp2 == 0x03)
  44   2                      {
  45   3                              flag2 = 1;
  46   3                              cardid[card_id_posi - 2] = '\0';
  47   3                      }
  48   2              } 
  49   1      }
  50          
  51          void timer0(void) interrupt 1
  52          {
  53   1              if(interrupt1_lock == 1)
  54   1              {
  55   2                      pwm=1;
C51 COMPILER V9.52.0.0   INTERRUPT                                                         09/15/2015 14:57:01 PAGE 2   

  56   2                      
  57   2                      TH0=-20000/256;
  58   2                      TL0=-20000%256;
  59   2                      if(interrupt1_lock == 1)
  60   2                              TR1=1;
  61   2              }
  62   1      }
  63          
  64          void timer1(void) interrupt 3
  65          {
  66   1              if(interrupt3_lock == 1)
  67   1              {
  68   2                      pwm=0;
  69   2                      TH1=-pwm_value/256;
  70   2                      TL1=-pwm_value%256;
  71   2                      if(interrupt3_lock == 1)
  72   2                              TR1=0;
  73   2          }
  74   1      }
  75          
  76          void PCA_isr() interrupt 7
  77          {       
  78   1              CCF0 = 0;
  79   1              CCAP0L = T_PCA0;
  80   1              CCAP0H = T_PCA0 >> 8;
  81   1              T_PCA0 += 46080;
  82   1              cnt++;
  83   1              if (cnt == 40)   //2s
  84   1              {
  85   2                      cnt = 0; //Count 40 times   
  86   2                      numcc = 0;
  87   2                      gettemperature();
  88   2                      getled();
  89   2                      normal_lcd1602_show();
  90   2              }
  91   1      }
  92          
  93          


MODULE INFORMATION:   STATIC OVERLAYABLE
   CODE SIZE        =    497    ----
   CONSTANT SIZE    =   ----    ----
   XDATA SIZE       =      4    ----
   PDATA SIZE       =   ----    ----
   DATA SIZE        =   ----    ----
   IDATA SIZE       =   ----    ----
   BIT SIZE         =   ----    ----
END OF MODULE INFORMATION.


C51 COMPILATION COMPLETE.  0 WARNING(S),  0 ERROR(S)
