C51 COMPILER V9.00   SYSTEM_INIT                                                           02/12/2016 18:09:30 PAGE 1   


C51 COMPILER V9.00, COMPILATION OF MODULE SYSTEM_INIT
OBJECT MODULE PLACED IN system_init.OBJ
COMPILER INVOKED BY: C:\Keil\C51\BIN\C51.EXE system_init.c LARGE BROWSE DEBUG OBJECTEXTEND

line level    source

   1          #include <myhead.h>
   2          unsigned short T_PCA0;     
   3          unsigned short T_PCA1;
   4          void system_init(void)
   5          {
   6   1      /*********************** 
   7   1              定时器T1波特率产生器    串口1   TxD/P3.1  RxD/P3.0
   8   1              *****************/
   9   1              TMOD=0x20;                      //设置定时器一为工作方式2
  10   1              TH1=0xfd;                       //设置波特率为9600
  11   1              TL1=0xfd;
  12   1      
  13   1              TR1=1;
  14   1              REN=1;
  15   1              SM0=0;
  16   1              SM1=1;
  17   1              EA=1;
  18   1              ES=1;   
  19   1              //TI = 1;            //允许使用printf
  20   1              PS = 1;
  21   1              
  22   1      /**************************
  23   1              独立波特率产生器     串口2      TxD2/P1.3   RxD2/P1.2
  24   1              ********************/
  25   1              
  26   1              S2CON=  0x50;                   //串口2工作在方式1  10位异步首发 S2REN = 1 允许接收     
  27   1              BRT = 0xfd;                             //设置波特率为9600
  28   1              AUXR =  AUXR |0X10;             //允许波特率发生器运行
  29   1              AUXR1 =  AUXR1 & 0xef;  //S2_P4=0,将uart2切换到P1口
  30   1              IE2  =  IE2 | 0X01;         //允许串口2中断
  31   1              
  32   1      //      IP2 = 0X00;
  33   1      //      IPH2 = 0X00;
  34   1              //PSPI = 0;
  35   1              //turn_90();
  36   1      
  37   1              /*串口1 > PCA中断 > 串口2*/
  38   1          IPH = 0X90;
  39   1              IP = 0X10;
  40   1              IP2H = 0X00;
  41   1              IP2 = 0X01;
  42   1      
  43   1              init_1602_morefree();
  44   1              write_com_1602_morefree(0x80);
  45   1              welcome();
  46   1              PCA_init();
  47   1              //Delay100us();      
  48   1      }
  49          
  50          void stop_interrupt()
  51          {
  52   1          TR1 = 0;
  53   1              EA = 0;
  54   1              
  55   1              interrupt1_lock = 0;
C51 COMPILER V9.00   SYSTEM_INIT                                                           02/12/2016 18:09:30 PAGE 2   

  56   1              interrupt3_lock = 0;
  57   1      }
  58          
  59          void start_interrupt()
  60          {
  61   1          TMOD=0x20;                  //设置定时器一为工作方式2
  62   1              TH1=0xfd;                       //设置波特率为9600
  63   1              TL1=0xfd;
  64   1              TR1=1;
  65   1              REN=1;
  66   1              SM0=0;
  67   1              SM1=1;
  68   1              EA=1;
  69   1              ES=1;   
  70   1              
  71   1              S2CON = 0x50;                   //串口2工作在方式1  10位异步首发 S2REN = 1 允许接收     
  72   1              BRT = 0xfd;                             //设置波特率为9600
  73   1              AUXR = AUXR |0X10;              //允许波特率发生器运行
  74   1              AUXR1 = AUXR1 & 0xef;   //S2_P4=0,将uart2切换到P1口
  75   1              IE2 = IE2 | 0X01;           //允许串口2中断
  76   1              
  77   1              interrupt1_lock = 0;
  78   1              interrupt3_lock = 0;
  79   1              
  80   1              EA = 1;
  81   1              TR1 = 1;
  82   1              TR0 = 1;
  83   1              redlight = 1;
  84   1              
  85   1              
  86   1              /*串口1 > PCA中断 > 串口2*/
  87   1          IPH = 0X90;
  88   1              IP = 0X10;
  89   1              IP2H = 0X00;
  90   1              IP2 = 0X01;
  91   1      
  92   1      }
  93          
  94          void InitSteering(void)
  95          {
  96   1              TMOD=0x11;
  97   1              TH0=-20000/256;
  98   1              TL0=-20000%256;
  99   1              TH1=-1500/256;
 100   1              TL1=-1500%256;
 101   1              EA=1;
 102   1              TR0=1;
 103   1              ET0=1;
 104   1              TR1=1;
 105   1              ET1=1;
 106   1              
 107   1      }
 108          
 109          void StopSteering(void)
 110          {
 111   1              ET0 = 0;
 112   1              TR1 = 0;
 113   1              ET1 = 0;
 114   1      
 115   1              EA = 1;
 116   1      }
 117          
C51 COMPILER V9.00   SYSTEM_INIT                                                           02/12/2016 18:09:30 PAGE 3   

 118          void sendstr(char *str)
 119          {
 120   1              int i;
 121   1          int len = strlen(str);
 122   1              char *p = str;
 123   1              
 124   1              for(i = 0; i < len; i++)
 125   1              {
 126   2                      SBUF = *p;
 127   2                      while(!TI);        
 128   2                      TI = 0;  
 129   2                      p++;
 130   2              }
 131   1      }
 132          
 133          void PCA_init()
 134          {
 135   1          CCON = 0;               //Initial PCA control register
 136   1                                  //PCA timer stop running
 137   1                                  //Clear CF flag
 138   1                                  //Clear all module interrupt flag
 139   1          CL = 0;                 //Reset PCA base timer
 140   1          CH = 0;
 141   1          CMOD = 0x00;
 142   1          T_PCA0 = 46080;      //定时器50ms,11.0592MHZ晶振，T_Value=46080.要两秒需循环
 143   1          CCAP0L = T_PCA0;
 144   1          CCAP0H = T_PCA0 >> 8;   //Initial PCA module-0
 145   1          T_PCA0 += 46080;        //PCA module-0 work in 16-bit timer mode
 146   1          CCAPM0 = 0x49;                     //and enable PCA interrupt            //Set PCA timer clock source 
             -as Fosc/12
 147   1              CR = 1;                 //PCA timer start run
 148   1          EA = 1;                                     //?PCA??          
 149   1      }


MODULE INFORMATION:   STATIC OVERLAYABLE
   CODE SIZE        =    326    ----
   CONSTANT SIZE    =   ----    ----
   XDATA SIZE       =      4       5
   PDATA SIZE       =   ----    ----
   DATA SIZE        =   ----    ----
   IDATA SIZE       =   ----    ----
   BIT SIZE         =   ----    ----
END OF MODULE INFORMATION.


C51 COMPILATION COMPLETE.  0 WARNING(S),  0 ERROR(S)
